train/image/0.0_0/101087.jpg train/sort_groundTruth/0.0_0/101087.png train/superpixelabel_p/0.0_0/101087.png
train/image/22.5_0/189080.jpg train/sort_groundTruth/22.5_0/189080.png train/superpixelabel_p/22.5_0/189080.png
train/image/22.5_0/101085.jpg train/sort_groundTruth/22.5_0/101085.png train/superpixelabel_p/22.5_0/101085.png
train/image/22.5_0/102061.jpg train/sort_groundTruth/22.5_0/102061.png train/superpixelabel_p/22.5_0/102061.png
train/image/0.0_0/103070.jpg train/sort_groundTruth/0.0_0/103070.png train/superpixelabel_p/0.0_0/103070.png
train/image/22.5_0/105025.jpg train/sort_groundTruth/22.5_0/105025.png train/superpixelabel_p/22.5_0/105025.png
train/image/0.0_0/106024.jpg train/sort_groundTruth/0.0_0/106024.png train/superpixelabel_p/0.0_0/106024.png
train/image/22.5_0/108005.jpg train/sort_groundTruth/22.5_0/108005.png train/superpixelabel_p/22.5_0/108005.png
train/image/0.0_0/108070.jpg train/sort_groundTruth/0.0_0/108070.png train/superpixelabel_p/0.0_0/108070.png
train/image/0.0_0/108082.jpg train/sort_groundTruth/0.0_0/108082.png train/superpixelabel_p/0.0_0/108082.png
train/image/22.5_0/109053.jpg train/sort_groundTruth/22.5_0/109053.png train/superpixelabel_p/22.5_0/109053.png
train/image/22.5_0/119082.jpg train/sort_groundTruth/22.5_0/119082.png train/superpixelabel_p/22.5_0/119082.png
train/image/0.0_0/12084.jpg train/sort_groundTruth/0.0_0/12084.png train/superpixelabel_p/0.0_0/12084.png
train/image/22.5_0/123074.jpg train/sort_groundTruth/22.5_0/123074.png train/superpixelabel_p/22.5_0/123074.png
train/image/0.0_0/126007.jpg train/sort_groundTruth/0.0_0/126007.png train/superpixelabel_p/0.0_0/126007.png
train/image/22.5_0/130026.jpg train/sort_groundTruth/22.5_0/130026.png train/superpixelabel_p/22.5_0/130026.png
train/image/0.0_0/134035.jpg train/sort_groundTruth/0.0_0/134035.png train/superpixelabel_p/0.0_0/134035.png
train/image/22.5_0/14037.jpg train/sort_groundTruth/22.5_0/14037.png train/superpixelabel_p/22.5_0/14037.png
train/image/0.0_0/143090.jpg train/sort_groundTruth/0.0_0/143090.png train/superpixelabel_p/0.0_0/143090.png
train/image/0.0_0/145086.jpg train/sort_groundTruth/0.0_0/145086.png train/superpixelabel_p/0.0_0/145086.png
train/image/0.0_0/147091.jpg train/sort_groundTruth/0.0_0/147091.png train/superpixelabel_p/0.0_0/147091.png
train/image/0.0_0/148026.jpg train/sort_groundTruth/0.0_0/148026.png train/superpixelabel_p/0.0_0/148026.png
train/image/0.0_0/148089.jpg train/sort_groundTruth/0.0_0/148089.png train/superpixelabel_p/0.0_0/148089.png
train/image/22.5_0/156065.jpg train/sort_groundTruth/22.5_0/156065.png train/superpixelabel_p/22.5_0/156065.png
train/image/0.0_0/157055.jpg train/sort_groundTruth/0.0_0/157055.png train/superpixelabel_p/0.0_0/157055.png
train/image/0.0_0/159008.jpg train/sort_groundTruth/0.0_0/159008.png train/superpixelabel_p/0.0_0/159008.png
train/image/22.5_0/160068.jpg train/sort_groundTruth/22.5_0/160068.png train/superpixelabel_p/22.5_0/160068.png
train/image/22.5_0/16077.jpg train/sort_groundTruth/22.5_0/16077.png train/superpixelabel_p/22.5_0/16077.png
train/image/22.5_0/163085.jpg train/sort_groundTruth/22.5_0/163085.png train/superpixelabel_p/22.5_0/163085.png
train/image/22.5_0/167062.jpg train/sort_groundTruth/22.5_0/167062.png train/superpixelabel_p/22.5_0/167062.png
train/image/22.5_0/167083.jpg train/sort_groundTruth/22.5_0/167083.png train/superpixelabel_p/22.5_0/167083.png
train/image/0.0_0/170057.jpg train/sort_groundTruth/0.0_0/170057.png train/superpixelabel_p/0.0_0/170057.png
train/image/0.0_0/175032.jpg train/sort_groundTruth/0.0_0/175032.png train/superpixelabel_p/0.0_0/175032.png
train/image/22.5_0/175043.jpg train/sort_groundTruth/22.5_0/175043.png train/superpixelabel_p/22.5_0/175043.png
train/image/0.0_0/182053.jpg train/sort_groundTruth/0.0_0/182053.png train/superpixelabel_p/0.0_0/182053.png
train/image/22.5_0/19021.jpg train/sort_groundTruth/22.5_0/19021.png train/superpixelabel_p/22.5_0/19021.png
train/image/0.0_0/196073.jpg train/sort_groundTruth/0.0_0/196073.png train/superpixelabel_p/0.0_0/196073.png
train/image/0.0_0/197017.jpg train/sort_groundTruth/0.0_0/197017.png train/superpixelabel_p/0.0_0/197017.png
train/image/22.5_0/208001.jpg train/sort_groundTruth/22.5_0/208001.png train/superpixelabel_p/22.5_0/208001.png
train/image/0.0_0/210088.jpg train/sort_groundTruth/0.0_0/210088.png train/superpixelabel_p/0.0_0/210088.png
train/image/22.5_0/21077.jpg train/sort_groundTruth/22.5_0/21077.png train/superpixelabel_p/22.5_0/21077.png
train/image/22.5_0/216081.jpg train/sort_groundTruth/22.5_0/216081.png train/superpixelabel_p/22.5_0/216081.png
train/image/0.0_0/219090.jpg train/sort_groundTruth/0.0_0/219090.png train/superpixelabel_p/0.0_0/219090.png
train/image/0.0_0/220075.jpg train/sort_groundTruth/0.0_0/220075.png train/superpixelabel_p/0.0_0/220075.png
train/image/22.5_0/223061.jpg train/sort_groundTruth/22.5_0/223061.png train/superpixelabel_p/22.5_0/223061.png
train/image/22.5_0/227092.jpg train/sort_groundTruth/22.5_0/227092.png train/superpixelabel_p/22.5_0/227092.png
train/image/22.5_0/229036.jpg train/sort_groundTruth/22.5_0/229036.png train/superpixelabel_p/22.5_0/229036.png
train/image/0.0_0/236037.jpg train/sort_groundTruth/0.0_0/236037.png train/superpixelabel_p/0.0_0/236037.png
train/image/22.5_0/24077.jpg train/sort_groundTruth/22.5_0/24077.png train/superpixelabel_p/22.5_0/24077.png
train/image/22.5_0/241004.jpg train/sort_groundTruth/22.5_0/241004.png train/superpixelabel_p/22.5_0/241004.png
train/image/22.5_0/241048.jpg train/sort_groundTruth/22.5_0/241048.png train/superpixelabel_p/22.5_0/241048.png
train/image/22.5_0/253027.jpg train/sort_groundTruth/22.5_0/253027.png train/superpixelabel_p/22.5_0/253027.png
train/image/22.5_0/253055.jpg train/sort_groundTruth/22.5_0/253055.png train/superpixelabel_p/22.5_0/253055.png
train/image/22.5_0/260058.jpg train/sort_groundTruth/22.5_0/260058.png train/superpixelabel_p/22.5_0/260058.png
train/image/0.0_0/271035.jpg train/sort_groundTruth/0.0_0/271035.png train/superpixelabel_p/0.0_0/271035.png
train/image/0.0_0/285079.jpg train/sort_groundTruth/0.0_0/285079.png train/superpixelabel_p/0.0_0/285079.png
train/image/0.0_0/291000.jpg train/sort_groundTruth/0.0_0/291000.png train/superpixelabel_p/0.0_0/291000.png
train/image/22.5_0/295087.jpg train/sort_groundTruth/22.5_0/295087.png train/superpixelabel_p/22.5_0/295087.png
train/image/0.0_0/296007.jpg train/sort_groundTruth/0.0_0/296007.png train/superpixelabel_p/0.0_0/296007.png
train/image/0.0_0/296059.jpg train/sort_groundTruth/0.0_0/296059.png train/superpixelabel_p/0.0_0/296059.png
train/image/22.5_0/299086.jpg train/sort_groundTruth/22.5_0/299086.png train/superpixelabel_p/22.5_0/299086.png
train/image/22.5_0/300091.jpg train/sort_groundTruth/22.5_0/300091.png train/superpixelabel_p/22.5_0/300091.png
train/image/22.5_0/302008.jpg train/sort_groundTruth/22.5_0/302008.png train/superpixelabel_p/22.5_0/302008.png
train/image/22.5_0/304034.jpg train/sort_groundTruth/22.5_0/304034.png train/superpixelabel_p/22.5_0/304034.png
train/image/0.0_0/304074.jpg train/sort_groundTruth/0.0_0/304074.png train/superpixelabel_p/0.0_0/304074.png
train/image/0.0_0/306005.jpg train/sort_groundTruth/0.0_0/306005.png train/superpixelabel_p/0.0_0/306005.png
train/image/22.5_0/3096.jpg train/sort_groundTruth/22.5_0/3096.png train/superpixelabel_p/22.5_0/3096.png
train/image/22.5_0/33039.jpg train/sort_groundTruth/22.5_0/33039.png train/superpixelabel_p/22.5_0/33039.png
train/image/0.0_0/351093.jpg train/sort_groundTruth/0.0_0/351093.png train/superpixelabel_p/0.0_0/351093.png
train/image/0.0_0/361010.jpg train/sort_groundTruth/0.0_0/361010.png train/superpixelabel_p/0.0_0/361010.png
train/image/22.5_0/37073.jpg train/sort_groundTruth/22.5_0/37073.png train/superpixelabel_p/22.5_0/37073.png
train/image/22.5_0/376043.jpg train/sort_groundTruth/22.5_0/376043.png train/superpixelabel_p/22.5_0/376043.png
train/image/0.0_0/38082.jpg train/sort_groundTruth/0.0_0/38082.png train/superpixelabel_p/0.0_0/38082.png
train/image/22.5_0/38092.jpg train/sort_groundTruth/22.5_0/38092.png train/superpixelabel_p/22.5_0/38092.png
train/image/0.0_0/385039.jpg train/sort_groundTruth/0.0_0/385039.png train/superpixelabel_p/0.0_0/385039.png
train/image/0.0_0/41033.jpg train/sort_groundTruth/0.0_0/41033.png train/superpixelabel_p/0.0_0/41033.png
train/image/22.5_0/41069.jpg train/sort_groundTruth/22.5_0/41069.png train/superpixelabel_p/22.5_0/41069.png
train/image/22.5_0/42012.jpg train/sort_groundTruth/22.5_0/42012.png train/superpixelabel_p/22.5_0/42012.png
train/image/0.0_0/42049.jpg train/sort_groundTruth/0.0_0/42049.png train/superpixelabel_p/0.0_0/42049.png
train/image/22.5_0/43074.jpg train/sort_groundTruth/22.5_0/43074.png train/superpixelabel_p/22.5_0/43074.png
train/image/22.5_0/45096.jpg train/sort_groundTruth/22.5_0/45096.png train/superpixelabel_p/22.5_0/45096.png
train/image/22.5_0/54082.jpg train/sort_groundTruth/22.5_0/54082.png train/superpixelabel_p/22.5_0/54082.png
train/image/22.5_0/55073.jpg train/sort_groundTruth/22.5_0/55073.png train/superpixelabel_p/22.5_0/55073.png
train/image/0.0_0/58060.jpg train/sort_groundTruth/0.0_0/58060.png train/superpixelabel_p/0.0_0/58060.png
train/image/22.5_0/62096.jpg train/sort_groundTruth/22.5_0/62096.png train/superpixelabel_p/22.5_0/62096.png
train/image/0.0_0/65033.jpg train/sort_groundTruth/0.0_0/65033.png train/superpixelabel_p/0.0_0/65033.png
train/image/0.0_0/66053.jpg train/sort_groundTruth/0.0_0/66053.png train/superpixelabel_p/0.0_0/66053.png
train/image/0.0_0/69015.jpg train/sort_groundTruth/0.0_0/69015.png train/superpixelabel_p/0.0_0/69015.png
train/image/22.5_0/69020.jpg train/sort_groundTruth/22.5_0/69020.png train/superpixelabel_p/22.5_0/69020.png
train/image/22.5_0/69040.jpg train/sort_groundTruth/22.5_0/69040.png train/superpixelabel_p/22.5_0/69040.png
train/image/22.5_0/76053.jpg train/sort_groundTruth/22.5_0/76053.png train/superpixelabel_p/22.5_0/76053.png
train/image/0.0_0/78004.jpg train/sort_groundTruth/0.0_0/78004.png train/superpixelabel_p/0.0_0/78004.png
train/image/0.0_0/8023.jpg train/sort_groundTruth/0.0_0/8023.png train/superpixelabel_p/0.0_0/8023.png
train/image/22.5_0/85048.jpg train/sort_groundTruth/22.5_0/85048.png train/superpixelabel_p/22.5_0/85048.png
train/image/0.0_0/86000.jpg train/sort_groundTruth/0.0_0/86000.png train/superpixelabel_p/0.0_0/86000.png
train/image/22.5_0/86016.jpg train/sort_groundTruth/22.5_0/86016.png train/superpixelabel_p/22.5_0/86016.png
train/image/0.0_0/86068.jpg train/sort_groundTruth/0.0_0/86068.png train/superpixelabel_p/0.0_0/86068.png
train/image/0.0_0/87046.jpg train/sort_groundTruth/0.0_0/87046.png train/superpixelabel_p/0.0_0/87046.png
train/image/22.5_0/89072.jpg train/sort_groundTruth/22.5_0/89072.png train/superpixelabel_p/22.5_0/89072.png
train/image/22.5_0/97033.jpg train/sort_groundTruth/22.5_0/97033.png train/superpixelabel_p/22.5_0/97033.png
